loongson32_init: num_nodes 1
loongson32_init: node 0 mem 0x8000000
[    0.000000] Linux version 5.14.0-rc2-g8ab8d04ddf3d (root@a4ba9j36jlj6f-0) (loongarch32r-linux-gnusf-gcc (LoongArch GNU toolchain LA32 v2.0 (20230903)) 8.3.0, GNU ld (LoongArch GNU toolchain LA32 v2.0 20230903) 2.31.1.20190122) #2 PREEMPT 2026-08-01T17:26:47Z
[    0.000000] Standard 32-bit Loongson Processor probed
[    0.000000] the link is empty!
[    0.000000] Scan bootparam failed
[    0.000000] printk: bootconsole [early0] enabled
[    0.000000] initrd start < PAGE_OFFSET
[    0.000000] Can't find EFI system table.
[    0.000000] start_pfn=0x0, end_pfn=0x8000, num_physpages:0x8000
[    0.000000] The BIOS Version: (null)
[    0.000000] Initrd not found or empty - disabling initrd
[    0.000000] CPU0 revision is: 00004200 (Loongson-32bit)
[    0.000000] Primary instruction cache 8kB, 2-way, VIPT, linesize 16 bytes.
[    0.000000] Primary data cache 8kB, 2-way, VIPT, no aliases, linesize 16 bytes
[    0.000000] Zone ranges:
[    0.000000]   DMA32    [mem 0x0000000000000000-0x00000000ffffffff]
[    0.000000]   Normal   empty
[    0.000000] Movable zone start for each node
[    0.000000] Early memory node ranges
[    0.000000]   node   0: [mem 0x0000000000000000-0x0000000007ffffff]
[    0.000000] Initmem setup node 0 [mem 0x0000000000000000-0x0000000007ffffff]
[    0.000000] eentry = 0xa0210000,tlbrentry = 0xa0201000
[    0.000000] Built 1 zonelists, mobility grouping on.  Total pages: 32480
[    0.000000] Kernel command line: earlycon atkbd.reset=0 psmouse.proto=bare
[    0.000000] Dentry cache hash table entries: 16384 (order: 4, 65536 bytes, linear)
[    0.000000] Inode-cache hash table entries: 8192 (order: 3, 32768 bytes, linear)
[    0.000000] mem auto-init: stack:off, heap alloc:off, heap free:off
[    0.000000] Memory: 113996K/131072K available (8896K kernel code, 1150K rwdata, 1668K rodata, 1460K init, 497K bss, 17076K reserved, 0K cma-reserved)
[    0.000000] SLUB: HWalign=64, Order=0-3, MinObjects=0, CPUs=1, Nodes=1
[    0.000000] rcu: Preemptible hierarchical RCU implementation.
[    0.000000] rcu: 	RCU event tracing is enabled.
[    0.000000] 	Trampoline variant of Tasks RCU enabled.
[    0.000000] 	Tracing variant of Tasks RCU enabled.
[    0.000000] rcu: RCU calculated value of scheduler-enlistment delay is 25 jiffies.
[    0.000000] NR_IRQS: 320
[    0.000000] Constant clock event device register
[    0.000000] clocksource: Constant: mask: 0xffffffffffffffff max_cycles: 0x2e2049d3e8, max_idle_ns: 440795210634 ns
[    0.000000] Constant clock source device register
[    0.008000] Console: colour dummy device 80x25
[    0.012000] printk: console [tty0] enabled
[    0.012000] printk: bootconsole [early0] disabled
[    0.000000] Linux version 5.14.0-rc2-g8ab8d04ddf3d (root@a4ba9j36jlj6f-0) (loongarch32r-linux-gnusf-gcc (LoongArch GNU toolchain LA32 v2.0 (20230903)) 8.3.0, GNU ld (LoongArch GNU toolchain LA32 v2.0 20230903) 2.31.1.20190122) #2 PREEMPT 2026-08-01T17:26:47Z
[    0.000000] Standard 32-bit Loongson Processor probed
[    0.000000] the link is empty!
[    0.000000] Scan bootparam failed
[    0.000000] printk: bootconsole [early0] enabled
[    0.000000] initrd start < PAGE_OFFSET
[    0.000000] Can't find EFI system table.
[    0.000000] start_pfn=0x0, end_pfn=0x8000, num_physpages:0x8000
[    0.000000] The BIOS Version: (null)
[    0.000000] Initrd not found or empty - disabling initrd
[    0.000000] CPU0 revision is: 00004200 (Loongson-32bit)
[    0.000000] Primary instruction cache 8kB, 2-way, VIPT, linesize 16 bytes.
[    0.000000] Primary data cache 8kB, 2-way, VIPT, no aliases, linesize 16 bytes
[    0.000000] Zone ranges:
[    0.000000]   DMA32    [mem 0x0000000000000000-0x00000000ffffffff]
[    0.000000]   Normal   empty
[    0.000000] Movable zone start for each node
[    0.000000] Early memory node ranges
[    0.000000]   node   0: [mem 0x0000000000000000-0x0000000007ffffff]
[    0.000000] Initmem setup node 0 [mem 0x0000000000000000-0x0000000007ffffff]
[    0.000000] eentry = 0xa0210000,tlbrentry = 0xa0201000
[    0.000000] Built 1 zonelists, mobility grouping on.  Total pages: 32480
[    0.000000] Kernel command line: earlycon atkbd.reset=0 psmouse.proto=bare
[    0.000000] Dentry cache hash table entries: 16384 (order: 4, 65536 bytes, linear)
[    0.000000] Inode-cache hash table entries: 8192 (order: 3, 32768 bytes, linear)
[    0.000000] mem auto-init: stack:off, heap alloc:off, heap free:off
[    0.000000] Memory: 113996K/131072K available (8896K kernel code, 1150K rwdata, 1668K rodata, 1460K init, 497K bss, 17076K reserved, 0K cma-reserved)
[    0.000000] SLUB: HWalign=64, Order=0-3, MinObjects=0, CPUs=1, Nodes=1
[    0.000000] rcu: Preemptible hierarchical RCU implementation.
[    0.000000] rcu: 	RCU event tracing is enabled.
[    0.000000] 	Trampoline variant of Tasks RCU enabled.
[    0.000000] 	Tracing variant of Tasks RCU enabled.
[    0.000000] rcu: RCU calculated value of scheduler-enlistment delay is 25 jiffies.
[    0.000000] NR_IRQS: 320
[    0.000000] Constant clock event device register
[    0.000000] clocksource: Constant: mask: 0xffffffffffffffff max_cycles: 0x2e2049d3e8, max_idle_ns: 440795210634 ns
[    0.000000] Constant clock source device register
[    0.008000] Console: colour dummy device 80x25
[    0.012000] printk: console [tty0] enabled
[    0.012000] printk: bootconsole [early0] disabled
[    0.012000] Calibrating delay loop (skipped), value calculated using timer frequency.. 400.00 BogoMIPS (lpj=800000)
[    0.012000] pid_max: default: 32768 minimum: 301
[    0.016000] LSM: Security Framework initializing
[    0.016000] Mount-cache hash table entries: 1024 (order: 0, 4096 bytes, linear)
[    0.016000] Mountpoint-cache hash table entries: 1024 (order: 0, 4096 bytes, linear)
[    0.132000] rcu: Hierarchical SRCU implementation.
[    0.164000] devtmpfs: initialized
[    0.184000] random: get_random_u32 called from bucket_table_alloc.isra.38+0x68/0x1e0 with crng_init=0
[    0.192000] clocksource: jiffies: mask: 0xffffffff max_cycles: 0xffffffff, max_idle_ns: 7645041785100000 ns
[    0.196000] futex hash table entries: 256 (order: -1, 3072 bytes, linear)
[    0.208000] NET: Registered PF_NETLINK/PF_ROUTE protocol family
[    0.424000] raid6: int32x8  gen()   408 MB/s
[    0.496000] raid6: int32x8  xor()    95 MB/s
[    0.564000] raid6: int32x4  gen()   814 MB/s
[    0.632000] raid6: int32x4  xor()   346 MB/s
[    0.700000] raid6: int32x2  gen()   153 MB/s
[    0.768000] raid6: int32x2  xor()   654 MB/s
[    0.836000] raid6: int32x1  gen()   580 MB/s
[    0.904000] raid6: int32x1  xor()   459 MB/s
[    0.904000] raid6: using algorithm int32x4 gen() 814 MB/s
[    0.904000] raid6: .... xor() 346 MB/s, rmw enabled
[    0.904000] raid6: using intx1 recovery algorithm
[    0.916000] SCSI subsystem initialized
[    0.920000] usbcore: registered new interface driver usbfs
[    0.924000] usbcore: registered new interface driver hub
[    0.924000] usbcore: registered new device driver usb
[    0.924000] pps_core: LinuxPPS API ver. 1 registered
[    0.924000] pps_core: Software ver. 5.3.6 - Copyright 2005-2007 Rodolfo Giometti <giometti@linux.it>
[    0.964000] clocksource: Switched to clocksource Constant
[    0.964000] FS-Cache: Loaded
[    1.072000] NET: Registered PF_INET protocol family
[    1.072000] IP idents hash table entries: 2048 (order: 2, 16384 bytes, linear)
[    1.112000] random: fast init done
[    1.112000] tcp_listen_portaddr_hash hash table entries: 512 (order: 0, 4096 bytes, linear)
[    1.112000] TCP established hash table entries: 1024 (order: 0, 4096 bytes, linear)
[    1.112000] TCP bind hash table entries: 1024 (order: 0, 4096 bytes, linear)
[    1.116000] TCP: Hash tables configured (established 1024 bind 1024)
[    1.120000] UDP hash table entries: 256 (order: 0, 4096 bytes, linear)
[    1.120000] UDP-Lite hash table entries: 256 (order: 0, 4096 bytes, linear)
[    1.120000] NET: Registered PF_UNIX/PF_LOCAL protocol family
[    1.208000] workingset: timestamp_bits=14 max_order=15 bucket_order=1
[    1.264000] ntfs: driver 2.1.32 [Flags: R/W DEBUG].
[    1.264000] SGI XFS with security attributes, quota, no debug enabled
[    1.268000] xor: measuring software checksum speed
[    1.352000]    8regs           :   712 MB/sec
[    1.360000]    8regs_prefetch  :  1723 MB/sec
[    1.368000]    32regs          :  1636 MB/sec
[    1.448000]    32regs_prefetch :  1593 MB/sec
[    1.452000] xor: using function: 8regs_prefetch (1723 MB/sec)
[    1.452000] Block layer SCSI generic (bsg) driver version 0.4 loaded (major 251)
[    1.452000] io scheduler mq-deadline registered
[    1.452000] io scheduler kyber registered
[    1.452000] io scheduler bfq registered
[    1.452000] IPMI message handler: version 39.2
[    1.452000] ipmi device interface
[    1.456000] ipmi_si: IPMI System Interface driver
[    1.456000] ipmi_si: Unable to find any System Interface(s)
[    1.464000] Serial: 8250/16550 driver, 16 ports, IRQ sharing enabled
[    1.656000] 1fe001e0.serial: ttyS0 at MMIO 0x1fe001e0 (irq = 19, base_baud = 6250000) is a 16550A
[    1.776000] printk: console [ttyS0] enabled
[    1.808000] chiplab_confreg 1fd0e000.confreg: registered /dev/chiplab_confreg and /sys/class/chiplab_confreg/chiplab_confreg
[    1.916000] loop: module loaded
[    1.916000] ls1a-nand driver initializing
[    1.956000] libphy: Fixed MDIO Bus: probed
[    1.956000] tun: Universal TUN/TAP device driver, 1.6
[    1.964000] mousedev: PS/2 mouse device common for all mice
[    1.968000] IR MCE Keyboard/mouse protocol handler initialized
[    1.968000] hid: raw HID events driver (C) Jiri Kosina
[    1.968000] usbcore: registered new interface driver usbhid
[    1.968000] usbhid: USB HID core driver
[    2.012000] NET: Registered PF_INET6 protocol family
[    2.060000] Segment Routing with IPv6
[    2.064000] sit: IPv6, IPv4 and MPLS over IPv4 tunneling driver
[    2.100000] sctp: Hash tables configured (bind 1024/1024)
[    2.120000] Btrfs loaded, crc32c=crc32c-generic, zoned=yes
[    2.252000] Key type encrypted registered
[    2.260000] Warning: unable to open an initial console.
[    2.872000] Freeing unused kernel image (initmem) memory: 1460K
[    2.872000] This architecture does not have kernel memory protection.
[    2.872000] Run /init as init process
/etc/init.d/rcS: line 11: chmod: not found
/etc/init.d/rcS: line 14: hostname: not found
Network interface not found: eth0
Startup failed: /etc/init.d/S40network

NSCSCC LoongArch32 Reduced Linux

Run nscscc-check for the standard demonstration checks.
/bin/sh: can't access tty; job control turned off
/ # qemu-system-loongarch32: terminating on signal 15 from pid 577195 (timeout)
